


ARM Macro Assembler    Page 1 


    1 00000000                 AREA             Exercise1B , CODE , READONLY
    2 00000000                 ENTRY
    3 00000000         
    4 00000000 E3A0000A        MOV              r0 , #10
    5 00000004 E3A01000        MOV              r1 , #0
    6 00000008         
    7 00000008 E2811001 
                       Loop    ADD              r1 , r1 , #1
    8 0000000C E351000A        CMP              r1 , #10
    9 00000010 10810000        ADDNE            r0 , r1 , r0
   10 00000014 1AFFFFFB        BNE              Loop
   11 00000018         
   12 00000018 EAFFFFFE 
                       Stop    B                Stop
   13 0000001C                 END
Command Line: --debug --xref --apcs=interwork --depend=.\lab1a.d -o.\lab1a.o -I
"C:\Program Files\ARM\RV31\INC" -I"C:\Program Files\ARM\CMSIS\Include" -I"C:\Pr
ogram Files\ARM\Inc\Philips" --predefine="__EVAL SETA 1" --list=.\lab1a.lst Lab
1A.s



ARM Macro Assembler    Page 1 Alphabetic symbol ordering
Relocatable symbols

Exercise1B 00000000

Symbol: Exercise1B
   Definitions
      At line 1 in file Lab1A.s
   Uses
      None
Comment: Exercise1B unused
Loop 00000008

Symbol: Loop
   Definitions
      At line 7 in file Lab1A.s
   Uses
      At line 10 in file Lab1A.s
Comment: Loop used once
Stop 00000018

Symbol: Stop
   Definitions
      At line 12 in file Lab1A.s
   Uses
      At line 12 in file Lab1A.s
Comment: Stop used once
3 symbols
334 symbols in table
