<html>
<body>
<pre>
<h1>µVision Build Log</h1>
<h2>Project:</h2>
C:\Users\Justin\Desktop\EE3002-Microprocessors\L3002A\Lab2.uvproj
Project File Date:  10/09/2020

<h2>Output:</h2>
Rebuild target 'Target 1'
assembling ChongZhiYuJustin_Lab2.s...
linking...
Program Size: Code=104 RO-data=0 RW-data=0 ZI-data=0  
".\Lab2.axf" - 0 Error(s), 0 Warning(s).
</pre>
</body>
</html>
arning(s).
Target not created
quivalent to /
ChongZhiYuJustin_Lab2.s(13): error: A1647E: Bad register name symbol, expected Integer register
ChongZhiYuJustin_Lab2.s(14): error: A1647E: Bad register name symbol, expected Integer register
ChongZhiYuJustin_Lab2.s(17): error: A1647E: Bad register name symbol, expected Integer register
ChongZhiYuJustin_Lab2.s(18): warning: A1865W: '#' not seen before constant expression
".\Lab2.axf" - 5 Error(s), 1 Warning(s).
Target not created
